<?xml version="1.0" encoding="ISO-8859-1" ?>
<link_info>
   <banner>TMS320C2000 Linker PC v18.1.4.LTS</banner>
   <copyright>Copyright (c) 1996-2018 Texas Instruments Incorporated</copyright>
   <link_time>0x65253caa</link_time>
   <link_errors>0x0</link_errors>
   <output_file>TMSMULTILAB_BASE.out</output_file>
   <entry_point>
      <name>_c_int00</name>
      <address>0xa653</address>
   </entry_point>
   <input_file_list>
      <input_file id="fl-2">
         <path>.\src\</path>
         <kind>object</kind>
         <file>main.obj</file>
         <name>main.obj</name>
      </input_file>
      <input_file id="fl-9">
         <kind>object</kind>
         <file>&lt;internal&gt;</file>
         <name>&lt;internal&gt;</name>
      </input_file>
      <input_file id="fl-a">
         <path>..\</path>
         <kind>archive</kind>
         <file>TMSMULTILAB.lib</file>
         <name>F2837xD_GlobalVariableDefs.obj</name>
      </input_file>
      <input_file id="fl-b">
         <path>..\</path>
         <kind>archive</kind>
         <file>TMSMULTILAB.lib</file>
         <name>R_P_KEYBOARD_TMSLAB.obj</name>
      </input_file>
      <input_file id="fl-c">
         <path>..\</path>
         <kind>archive</kind>
         <file>TMSMULTILAB.lib</file>
         <name>R_P_LCD_TMSLAB.obj</name>
      </input_file>
      <input_file id="fl-d">
         <path>..\</path>
         <kind>archive</kind>
         <file>TMSMULTILAB.lib</file>
         <name>R_P_LEDBAR_TMSLAB.obj</name>
      </input_file>
      <input_file id="fl-e">
         <path>..\</path>
         <kind>archive</kind>
         <file>TMSMULTILAB.lib</file>
         <name>asm_helpers.obj</name>
      </input_file>
      <input_file id="fl-f">
         <path>..\</path>
         <kind>archive</kind>
         <file>TMSMULTILAB.lib</file>
         <name>systemInit.obj</name>
      </input_file>
      <input_file id="fl-1c">
         <path>C:\ti\ccsv8\tools\compiler\ti-cgt-c2000_18.1.4.LTS\lib\</path>
         <kind>archive</kind>
         <file>rts2800_fpu32.lib</file>
         <name>new.c.obj</name>
      </input_file>
      <input_file id="fl-1d">
         <path>C:\ti\ccsv8\tools\compiler\ti-cgt-c2000_18.1.4.LTS\lib\</path>
         <kind>archive</kind>
         <file>rts2800_fpu32.lib</file>
         <name>newhandler.c.obj</name>
      </input_file>
      <input_file id="fl-1e">
         <path>C:\ti\ccsv8\tools\compiler\ti-cgt-c2000_18.1.4.LTS\lib\</path>
         <kind>archive</kind>
         <file>rts2800_fpu32.lib</file>
         <name>vars.c.obj</name>
      </input_file>
      <input_file id="fl-1f">
         <path>C:\ti\ccsv8\tools\compiler\ti-cgt-c2000_18.1.4.LTS\lib\</path>
         <kind>archive</kind>
         <file>rts2800_fpu32.lib</file>
         <name>e_asinf.c.obj</name>
      </input_file>
      <input_file id="fl-20">
         <path>C:\ti\ccsv8\tools\compiler\ti-cgt-c2000_18.1.4.LTS\lib\</path>
         <kind>archive</kind>
         <file>rts2800_fpu32.lib</file>
         <name>boot28.asm.obj</name>
      </input_file>
      <input_file id="fl-21">
         <path>C:\ti\ccsv8\tools\compiler\ti-cgt-c2000_18.1.4.LTS\lib\</path>
         <kind>archive</kind>
         <file>rts2800_fpu32.lib</file>
         <name>fd_add28.asm.obj</name>
      </input_file>
      <input_file id="fl-22">
         <path>C:\ti\ccsv8\tools\compiler\ti-cgt-c2000_18.1.4.LTS\lib\</path>
         <kind>archive</kind>
         <file>rts2800_fpu32.lib</file>
         <name>fd_mpy28.asm.obj</name>
      </input_file>
      <input_file id="fl-23">
         <path>C:\ti\ccsv8\tools\compiler\ti-cgt-c2000_18.1.4.LTS\lib\</path>
         <kind>archive</kind>
         <file>rts2800_fpu32.lib</file>
         <name>fd_sub28.asm.obj</name>
      </input_file>
      <input_file id="fl-24">
         <path>C:\ti\ccsv8\tools\compiler\ti-cgt-c2000_18.1.4.LTS\lib\</path>
         <kind>archive</kind>
         <file>rts2800_fpu32.lib</file>
         <name>fs_div28.asm.obj</name>
      </input_file>
      <input_file id="fl-25">
         <path>C:\ti\ccsv8\tools\compiler\ti-cgt-c2000_18.1.4.LTS\lib\</path>
         <kind>archive</kind>
         <file>rts2800_fpu32.lib</file>
         <name>i_div28.asm.obj</name>
      </input_file>
      <input_file id="fl-26">
         <path>C:\ti\ccsv8\tools\compiler\ti-cgt-c2000_18.1.4.LTS\lib\</path>
         <kind>archive</kind>
         <file>rts2800_fpu32.lib</file>
         <name>u_div28.asm.obj</name>
      </input_file>
      <input_file id="fl-27">
         <path>C:\ti\ccsv8\tools\compiler\ti-cgt-c2000_18.1.4.LTS\lib\</path>
         <kind>archive</kind>
         <file>rts2800_fpu32.lib</file>
         <name>fs_tofdfpu32.asm.obj</name>
      </input_file>
      <input_file id="fl-28">
         <path>C:\ti\ccsv8\tools\compiler\ti-cgt-c2000_18.1.4.LTS\lib\</path>
         <kind>archive</kind>
         <file>rts2800_fpu32.lib</file>
         <name>fd_tofsfpu32.asm.obj</name>
      </input_file>
      <input_file id="fl-29">
         <path>C:\ti\ccsv8\tools\compiler\ti-cgt-c2000_18.1.4.LTS\lib\</path>
         <kind>archive</kind>
         <file>rts2800_fpu32.lib</file>
         <name>cpy_tbl.c.obj</name>
      </input_file>
      <input_file id="fl-2a">
         <path>C:\ti\ccsv8\tools\compiler\ti-cgt-c2000_18.1.4.LTS\lib\</path>
         <kind>archive</kind>
         <file>rts2800_fpu32.lib</file>
         <name>memcpy.c.obj</name>
      </input_file>
      <input_file id="fl-2b">
         <path>C:\ti\ccsv8\tools\compiler\ti-cgt-c2000_18.1.4.LTS\lib\</path>
         <kind>archive</kind>
         <file>rts2800_fpu32.lib</file>
         <name>startup.c.obj</name>
      </input_file>
      <input_file id="fl-2c">
         <path>C:\ti\ccsv8\tools\compiler\ti-cgt-c2000_18.1.4.LTS\lib\</path>
         <kind>archive</kind>
         <file>rts2800_fpu32.lib</file>
         <name>errno.c.obj</name>
      </input_file>
      <input_file id="fl-2d">
         <path>C:\ti\ccsv8\tools\compiler\ti-cgt-c2000_18.1.4.LTS\lib\</path>
         <kind>archive</kind>
         <file>rts2800_fpu32.lib</file>
         <name>exit.c.obj</name>
      </input_file>
      <input_file id="fl-2e">
         <path>C:\ti\ccsv8\tools\compiler\ti-cgt-c2000_18.1.4.LTS\lib\</path>
         <kind>archive</kind>
         <file>rts2800_fpu32.lib</file>
         <name>memory.c.obj</name>
      </input_file>
      <input_file id="fl-2f">
         <path>C:\ti\ccsv8\tools\compiler\ti-cgt-c2000_18.1.4.LTS\lib\</path>
         <kind>archive</kind>
         <file>rts2800_fpu32.lib</file>
         <name>_lock.c.obj</name>
      </input_file>
      <input_file id="fl-30">
         <path>C:\ti\ccsv8\tools\compiler\ti-cgt-c2000_18.1.4.LTS\lib\</path>
         <kind>archive</kind>
         <file>rts2800_fpu32.lib</file>
         <name>args_main.c.obj</name>
      </input_file>
      <input_file id="fl-31">
         <path>C:\ti\ccsv8\tools\compiler\ti-cgt-c2000_18.1.4.LTS\lib\</path>
         <kind>archive</kind>
         <file>rts2800_fpu32.lib</file>
         <name>e_sqrt.c.obj</name>
      </input_file>
      <input_file id="fl-32">
         <path>C:\ti\ccsv8\tools\compiler\ti-cgt-c2000_18.1.4.LTS\lib\</path>
         <kind>archive</kind>
         <file>rts2800_fpu32.lib</file>
         <name>fd_cmp28.asm.obj</name>
      </input_file>
   </input_file_list>
   <object_component_list>
      <object_component id="oc-192">
         <name>.text</name>
         <load_address>0x9100</load_address>
         <run_address>0x9100</run_address>
         <size>0x7f5</size>
         <input_file_ref idref="fl-2"/>
      </object_component>
      <object_component id="oc-197">
         <name>.text</name>
         <load_address>0x98f5</load_address>
         <run_address>0x98f5</run_address>
         <size>0x533</size>
         <input_file_ref idref="fl-c"/>
      </object_component>
      <object_component id="oc-1ab">
         <name>.text</name>
         <load_address>0x9e28</load_address>
         <run_address>0x9e28</run_address>
         <size>0x1d4</size>
         <input_file_ref idref="fl-2e"/>
      </object_component>
      <object_component id="oc-92">
         <name>.text:retain</name>
         <load_address>0x9ffc</load_address>
         <run_address>0x9ffc</run_address>
         <size>0x178</size>
         <input_file_ref idref="fl-2"/>
      </object_component>
      <object_component id="oc-198">
         <name>.text</name>
         <load_address>0xa174</load_address>
         <run_address>0xa174</run_address>
         <size>0x14c</size>
         <input_file_ref idref="fl-b"/>
      </object_component>
      <object_component id="oc-19e">
         <name>.text</name>
         <load_address>0xa2c0</load_address>
         <run_address>0xa2c0</run_address>
         <size>0xf1</size>
         <input_file_ref idref="fl-1f"/>
      </object_component>
      <object_component id="oc-133">
         <name>.text</name>
         <load_address>0xa3b1</load_address>
         <run_address>0xa3b1</run_address>
         <size>0x9c</size>
         <input_file_ref idref="fl-21"/>
      </object_component>
      <object_component id="oc-1aa">
         <name>.text</name>
         <load_address>0xa44d</load_address>
         <run_address>0xa44d</run_address>
         <size>0x1</size>
         <input_file_ref idref="fl-1d"/>
      </object_component>
      <object_component id="oc-1ad">
         <name>.text</name>
         <load_address>0xa44e</load_address>
         <run_address>0xa44e</run_address>
         <size>0x92</size>
         <input_file_ref idref="fl-31"/>
      </object_component>
      <object_component id="oc-142">
         <name>.text</name>
         <load_address>0xa4e0</load_address>
         <run_address>0xa4e0</run_address>
         <size>0x88</size>
         <input_file_ref idref="fl-24"/>
      </object_component>
      <object_component id="oc-138">
         <name>.text</name>
         <load_address>0xa568</load_address>
         <run_address>0xa568</run_address>
         <size>0x83</size>
         <input_file_ref idref="fl-22"/>
      </object_component>
      <object_component id="oc-19d">
         <name>.text</name>
         <load_address>0xa5eb</load_address>
         <run_address>0xa5eb</run_address>
         <size>0x68</size>
         <input_file_ref idref="fl-f"/>
      </object_component>
      <object_component id="oc-8e">
         <name>.text</name>
         <load_address>0xa653</load_address>
         <run_address>0xa653</run_address>
         <size>0x56</size>
         <input_file_ref idref="fl-20"/>
      </object_component>
      <object_component id="oc-19c">
         <name>.text</name>
         <load_address>0xa6a9</load_address>
         <run_address>0xa6a9</run_address>
         <size>0x2c</size>
         <input_file_ref idref="fl-d"/>
      </object_component>
      <object_component id="oc-18d">
         <name>.text</name>
         <load_address>0xa6d5</load_address>
         <run_address>0xa6d5</run_address>
         <size>0x2a</size>
         <input_file_ref idref="fl-32"/>
      </object_component>
      <object_component id="oc-196">
         <name>.text</name>
         <load_address>0xa6ff</load_address>
         <run_address>0xa6ff</run_address>
         <size>0x29</size>
         <input_file_ref idref="fl-2d"/>
      </object_component>
      <object_component id="oc-193">
         <name>.text</name>
         <load_address>0xa728</load_address>
         <run_address>0xa728</run_address>
         <size>0x24</size>
         <input_file_ref idref="fl-29"/>
      </object_component>
      <object_component id="oc-156">
         <name>.text</name>
         <load_address>0xa74c</load_address>
         <run_address>0xa74c</run_address>
         <size>0x23</size>
         <input_file_ref idref="fl-28"/>
      </object_component>
      <object_component id="oc-147">
         <name>.text</name>
         <load_address>0xa76f</load_address>
         <run_address>0xa76f</run_address>
         <size>0x22</size>
         <input_file_ref idref="fl-25"/>
      </object_component>
      <object_component id="oc-19b">
         <name>.text</name>
         <load_address>0xa791</load_address>
         <run_address>0xa791</run_address>
         <size>0x21</size>
         <input_file_ref idref="fl-1c"/>
      </object_component>
      <object_component id="oc-1a6">
         <name>.text</name>
         <load_address>0xa7b2</load_address>
         <run_address>0xa7b2</run_address>
         <size>0x1d</size>
         <input_file_ref idref="fl-2a"/>
      </object_component>
      <object_component id="oc-151">
         <name>.text</name>
         <load_address>0xa7cf</load_address>
         <run_address>0xa7cf</run_address>
         <size>0x1c</size>
         <input_file_ref idref="fl-27"/>
      </object_component>
      <object_component id="oc-195">
         <name>.text</name>
         <load_address>0xa7eb</load_address>
         <run_address>0xa7eb</run_address>
         <size>0x19</size>
         <input_file_ref idref="fl-30"/>
      </object_component>
      <object_component id="oc-13d">
         <name>.text</name>
         <load_address>0xa804</load_address>
         <run_address>0xa804</run_address>
         <size>0xe</size>
         <input_file_ref idref="fl-23"/>
      </object_component>
      <object_component id="oc-114">
         <name>.text:retain</name>
         <load_address>0xa812</load_address>
         <run_address>0xa812</run_address>
         <size>0xd</size>
         <input_file_ref idref="fl-f"/>
      </object_component>
      <object_component id="oc-14c">
         <name>.text</name>
         <load_address>0xa81f</load_address>
         <run_address>0xa81f</run_address>
         <size>0xb</size>
         <input_file_ref idref="fl-26"/>
      </object_component>
      <object_component id="oc-1ae">
         <name>.text</name>
         <load_address>0xa82a</load_address>
         <run_address>0xa82a</run_address>
         <size>0x9</size>
         <input_file_ref idref="fl-2f"/>
      </object_component>
      <object_component id="oc-10e">
         <name>.text</name>
         <load_address>0xa833</load_address>
         <run_address>0xa833</run_address>
         <size>0x5</size>
         <input_file_ref idref="fl-e"/>
      </object_component>
      <object_component id="oc-194">
         <name>.text</name>
         <load_address>0xa838</load_address>
         <run_address>0xa838</run_address>
         <size>0x1</size>
         <input_file_ref idref="fl-2b"/>
      </object_component>
      <object_component id="oc-90">
         <name>.cinit</name>
         <load_address>0xa839</load_address>
         <run_address>0xa839</run_address>
         <size>0x6e</size>
         <input_file_ref idref="fl-2"/>
      </object_component>
      <object_component id="oc-16f">
         <name>.cinit</name>
         <load_address>0xa8a7</load_address>
         <run_address>0xa8a7</run_address>
         <size>0xe</size>
         <input_file_ref idref="fl-2d"/>
      </object_component>
      <object_component id="oc-103">
         <name>.cinit</name>
         <load_address>0xa8b5</load_address>
         <run_address>0xa8b5</run_address>
         <size>0x9</size>
         <input_file_ref idref="fl-c"/>
      </object_component>
      <object_component id="oc-1a8">
         <name>.cinit:__lock</name>
         <load_address>0xa8be</load_address>
         <run_address>0xa8be</run_address>
         <size>0x5</size>
         <input_file_ref idref="fl-2f"/>
      </object_component>
      <object_component id="oc-1af">
         <name>.cinit:__unlock</name>
         <load_address>0xa8c3</load_address>
         <run_address>0xa8c3</run_address>
         <size>0x5</size>
         <input_file_ref idref="fl-2f"/>
      </object_component>
      <object_component id="oc-124">
         <name>.cinit</name>
         <load_address>0xa8c8</load_address>
         <run_address>0xa8c8</run_address>
         <size>0x5</size>
         <input_file_ref idref="fl-1e"/>
      </object_component>
      <object_component id="oc-16b">
         <name>.cinit</name>
         <load_address>0xa8cd</load_address>
         <run_address>0xa8cd</run_address>
         <size>0x4</size>
         <input_file_ref idref="fl-2c"/>
      </object_component>
      <object_component id="oc-176">
         <name>.cinit</name>
         <load_address>0xa8d1</load_address>
         <run_address>0xa8d1</run_address>
         <size>0x4</size>
         <input_file_ref idref="fl-2e"/>
      </object_component>
      <object_component id="oc-93">
         <name>.pinit</name>
         <load_address>0xa952</load_address>
         <run_address>0xa952</run_address>
         <size>0x2</size>
         <input_file_ref idref="fl-2"/>
      </object_component>
      <object_component id="oc-1a9">
         <name>.switch:_PartialRefresh__14R_P_LCD_TMSLABFv</name>
         <load_address>0xa8d8</load_address>
         <run_address>0xa8d8</run_address>
         <size>0x50</size>
         <input_file_ref idref="fl-c"/>
      </object_component>
      <object_component id="oc-12e">
         <name>.reset</name>
         <load_address>0x3fffc0</load_address>
         <run_address>0x3fffc0</run_address>
         <size>0x2</size>
         <input_file_ref idref="fl-20"/>
      </object_component>
      <object_component id="oc-12d">
         <name>.stack</name>
         <uninitialized>true</uninitialized>
         <run_address>0x400</run_address>
         <size>0x0</size>
         <input_file_ref idref="fl-20"/>
      </object_component>
      <object_component id="oc-245">
         <name>.stack</name>
         <uninitialized>true</uninitialized>
         <run_address>0x400</run_address>
         <size>0x0</size>
      </object_component>
      <object_component id="oc-91">
         <name>.ebss</name>
         <uninitialized>true</uninitialized>
         <run_address>0x10000</run_address>
         <size>0x1e9</size>
         <input_file_ref idref="fl-2"/>
      </object_component>
      <object_component id="oc-104">
         <name>.ebss</name>
         <uninitialized>true</uninitialized>
         <run_address>0x101f8</run_address>
         <size>0x4</size>
         <input_file_ref idref="fl-c"/>
      </object_component>
      <object_component id="oc-125">
         <name>.ebss</name>
         <uninitialized>true</uninitialized>
         <run_address>0x10200</run_address>
         <size>0x2</size>
         <input_file_ref idref="fl-1e"/>
      </object_component>
      <object_component id="oc-16c">
         <name>.ebss</name>
         <uninitialized>true</uninitialized>
         <run_address>0x101e9</run_address>
         <size>0x1</size>
         <input_file_ref idref="fl-2c"/>
      </object_component>
      <object_component id="oc-170">
         <name>.ebss</name>
         <uninitialized>true</uninitialized>
         <run_address>0x101f2</run_address>
         <size>0x6</size>
         <input_file_ref idref="fl-2d"/>
      </object_component>
      <object_component id="oc-177">
         <name>.ebss</name>
         <uninitialized>true</uninitialized>
         <run_address>0x101ea</run_address>
         <size>0x8</size>
         <input_file_ref idref="fl-2e"/>
      </object_component>
      <object_component id="oc-1b0">
         <name>.ebss:__unlock</name>
         <uninitialized>true</uninitialized>
         <run_address>0x101fe</run_address>
         <size>0x2</size>
         <input_file_ref idref="fl-2f"/>
      </object_component>
      <object_component id="oc-1a7">
         <name>.ebss:__lock</name>
         <uninitialized>true</uninitialized>
         <run_address>0x101fc</run_address>
         <size>0x2</size>
         <input_file_ref idref="fl-2f"/>
      </object_component>
      <object_component id="oc-19a">
         <name>.econst:.string:_$P$T1$2</name>
         <load_address>0x10402</load_address>
         <run_address>0x10402</run_address>
         <size>0x15</size>
         <input_file_ref idref="fl-2"/>
      </object_component>
      <object_component id="oc-19f">
         <name>.econst:.string:_$P$T2$3</name>
         <load_address>0x10417</load_address>
         <run_address>0x10417</run_address>
         <size>0x15</size>
         <input_file_ref idref="fl-2"/>
      </object_component>
      <object_component id="oc-1a0">
         <name>.econst:.string:_$P$T3$4</name>
         <load_address>0x1042c</load_address>
         <run_address>0x1042c</run_address>
         <size>0x15</size>
         <input_file_ref idref="fl-2"/>
      </object_component>
      <object_component id="oc-1a1">
         <name>.econst:.string:_$P$T4$5</name>
         <load_address>0x10441</load_address>
         <run_address>0x10441</run_address>
         <size>0x15</size>
         <input_file_ref idref="fl-2"/>
      </object_component>
      <object_component id="oc-1a2">
         <name>.econst:.string:_$P$T5$6</name>
         <load_address>0x10456</load_address>
         <run_address>0x10456</run_address>
         <size>0x15</size>
         <input_file_ref idref="fl-2"/>
      </object_component>
      <object_component id="oc-1a3">
         <name>.econst:.string:_$P$T6$7</name>
         <load_address>0x1046b</load_address>
         <run_address>0x1046b</run_address>
         <size>0x15</size>
         <input_file_ref idref="fl-2"/>
      </object_component>
      <object_component id="oc-1a4">
         <name>.econst:.string:_$P$T7$8</name>
         <load_address>0x10480</load_address>
         <run_address>0x10480</run_address>
         <size>0x15</size>
         <input_file_ref idref="fl-2"/>
      </object_component>
      <object_component id="oc-1a5">
         <name>.econst:.string:_$P$T8$9</name>
         <load_address>0x10495</load_address>
         <run_address>0x10495</run_address>
         <size>0x15</size>
         <input_file_ref idref="fl-2"/>
      </object_component>
      <object_component id="oc-128">
         <name>.econst</name>
         <load_address>0x104aa</load_address>
         <run_address>0x104aa</run_address>
         <size>0x14</size>
         <input_file_ref idref="fl-1f"/>
      </object_component>
      <object_component id="oc-199">
         <name>.econst:.string:_$P$T0$1</name>
         <load_address>0x104be</load_address>
         <run_address>0x104be</run_address>
         <size>0x10</size>
         <input_file_ref idref="fl-2"/>
      </object_component>
      <object_component id="oc-188">
         <name>.econst</name>
         <load_address>0x104ce</load_address>
         <run_address>0x104ce</run_address>
         <size>0xc</size>
         <input_file_ref idref="fl-31"/>
      </object_component>
      <object_component id="oc-178">
         <name>.esysmem</name>
         <uninitialized>true</uninitialized>
         <run_address>0x10202</run_address>
         <size>0x1</size>
         <input_file_ref idref="fl-2e"/>
      </object_component>
      <object_component id="oc-246">
         <name>.esysmem</name>
         <uninitialized>true</uninitialized>
         <run_address>0x10202</run_address>
         <size>0x0</size>
      </object_component>
      <object_component id="oc-1ac">
         <name>ramfunc</name>
         <load_address>0xa928</load_address>
         <run_address>0xa928</run_address>
         <size>0x29</size>
         <input_file_ref idref="fl-f"/>
      </object_component>
      <object_component id="oc-fb">
         <name>PieVectTableFile</name>
         <uninitialized>true</uninitialized>
         <run_address>0xd00</run_address>
         <size>0x1c0</size>
         <input_file_ref idref="fl-a"/>
      </object_component>
      <object_component id="oc-9a">
         <name>EmuKeyVar</name>
         <uninitialized>true</uninitialized>
         <run_address>0xd00</run_address>
         <size>0x1</size>
         <input_file_ref idref="fl-a"/>
      </object_component>
      <object_component id="oc-99">
         <name>EmuBModeVar</name>
         <uninitialized>true</uninitialized>
         <run_address>0xd01</run_address>
         <size>0x1</size>
         <input_file_ref idref="fl-a"/>
      </object_component>
      <object_component id="oc-b1">
         <name>AdcaResultFile</name>
         <uninitialized>true</uninitialized>
         <run_address>0xb00</run_address>
         <size>0x18</size>
         <input_file_ref idref="fl-a"/>
      </object_component>
      <object_component id="oc-b2">
         <name>AdcbResultFile</name>
         <uninitialized>true</uninitialized>
         <run_address>0xb20</run_address>
         <size>0x18</size>
         <input_file_ref idref="fl-a"/>
      </object_component>
      <object_component id="oc-b0">
         <name>AdccResultFile</name>
         <uninitialized>true</uninitialized>
         <run_address>0xb40</run_address>
         <size>0x18</size>
         <input_file_ref idref="fl-a"/>
      </object_component>
      <object_component id="oc-b3">
         <name>AdcdResultFile</name>
         <uninitialized>true</uninitialized>
         <run_address>0xb60</run_address>
         <size>0x18</size>
         <input_file_ref idref="fl-a"/>
      </object_component>
      <object_component id="oc-e6">
         <name>AdcaRegsFile</name>
         <uninitialized>true</uninitialized>
         <run_address>0x7400</run_address>
         <size>0x80</size>
         <input_file_ref idref="fl-a"/>
      </object_component>
      <object_component id="oc-e3">
         <name>AdcbRegsFile</name>
         <uninitialized>true</uninitialized>
         <run_address>0x7480</run_address>
         <size>0x80</size>
         <input_file_ref idref="fl-a"/>
      </object_component>
      <object_component id="oc-e2">
         <name>AdccRegsFile</name>
         <uninitialized>true</uninitialized>
         <run_address>0x7500</run_address>
         <size>0x80</size>
         <input_file_ref idref="fl-a"/>
      </object_component>
      <object_component id="oc-e7">
         <name>AdcdRegsFile</name>
         <uninitialized>true</uninitialized>
         <run_address>0x7580</run_address>
         <size>0x80</size>
         <input_file_ref idref="fl-a"/>
      </object_component>
      <object_component id="oc-dd">
         <name>AnalogSubsysRegsFile</name>
         <uninitialized>true</uninitialized>
         <run_address>0x5d180</run_address>
         <size>0x48</size>
         <input_file_ref idref="fl-a"/>
      </object_component>
      <object_component id="oc-f7">
         <name>CanaRegsFile</name>
         <uninitialized>true</uninitialized>
         <run_address>0x48000</run_address>
         <size>0x164</size>
         <input_file_ref idref="fl-a"/>
      </object_component>
      <object_component id="oc-f8">
         <name>CanbRegsFile</name>
         <uninitialized>true</uninitialized>
         <run_address>0x4a000</run_address>
         <size>0x164</size>
         <input_file_ref idref="fl-a"/>
      </object_component>
      <object_component id="oc-d8">
         <name>Cla1RegsFile</name>
         <uninitialized>true</uninitialized>
         <run_address>0x1400</run_address>
         <size>0x3e</size>
         <input_file_ref idref="fl-a"/>
      </object_component>
      <object_component id="oc-9e">
         <name>Cla1SoftIntRegsFile</name>
         <uninitialized>true</uninitialized>
         <run_address>0xce0</run_address>
         <size>0x4</size>
         <input_file_ref idref="fl-a"/>
      </object_component>
      <object_component id="oc-c4">
         <name>Cmpss1RegsFile</name>
         <uninitialized>true</uninitialized>
         <run_address>0x5c80</run_address>
         <size>0x20</size>
         <input_file_ref idref="fl-a"/>
      </object_component>
      <object_component id="oc-c3">
         <name>Cmpss2RegsFile</name>
         <uninitialized>true</uninitialized>
         <run_address>0x5ca0</run_address>
         <size>0x20</size>
         <input_file_ref idref="fl-a"/>
      </object_component>
      <object_component id="oc-c6">
         <name>Cmpss3RegsFile</name>
         <uninitialized>true</uninitialized>
         <run_address>0x5cc0</run_address>
         <size>0x20</size>
         <input_file_ref idref="fl-a"/>
      </object_component>
      <object_component id="oc-c5">
         <name>Cmpss4RegsFile</name>
         <uninitialized>true</uninitialized>
         <run_address>0x5ce0</run_address>
         <size>0x20</size>
         <input_file_ref idref="fl-a"/>
      </object_component>
      <object_component id="oc-c0">
         <name>Cmpss5RegsFile</name>
         <uninitialized>true</uninitialized>
         <run_address>0x5d00</run_address>
         <size>0x20</size>
         <input_file_ref idref="fl-a"/>
      </object_component>
      <object_component id="oc-bf">
         <name>Cmpss6RegsFile</name>
         <uninitialized>true</uninitialized>
         <run_address>0x5d20</run_address>
         <size>0x20</size>
         <input_file_ref idref="fl-a"/>
      </object_component>
      <object_component id="oc-c2">
         <name>Cmpss7RegsFile</name>
         <uninitialized>true</uninitialized>
         <run_address>0x5d40</run_address>
         <size>0x20</size>
         <input_file_ref idref="fl-a"/>
      </object_component>
      <object_component id="oc-c1">
         <name>Cmpss8RegsFile</name>
         <uninitialized>true</uninitialized>
         <run_address>0x5d60</run_address>
         <size>0x20</size>
         <input_file_ref idref="fl-a"/>
      </object_component>
      <object_component id="oc-a2">
         <name>CpuTimer0RegsFile</name>
         <uninitialized>true</uninitialized>
         <run_address>0xc00</run_address>
         <size>0x8</size>
         <input_file_ref idref="fl-a"/>
      </object_component>
      <object_component id="oc-a5">
         <name>CpuTimer1RegsFile</name>
         <uninitialized>true</uninitialized>
         <run_address>0xc08</run_address>
         <size>0x8</size>
         <input_file_ref idref="fl-a"/>
      </object_component>
      <object_component id="oc-a4">
         <name>CpuTimer2RegsFile</name>
         <uninitialized>true</uninitialized>
         <run_address>0xc10</run_address>
         <size>0x8</size>
         <input_file_ref idref="fl-a"/>
      </object_component>
      <object_component id="oc-a3">
         <name>DacaRegsFile</name>
         <uninitialized>true</uninitialized>
         <run_address>0x5c00</run_address>
         <size>0x8</size>
         <input_file_ref idref="fl-a"/>
      </object_component>
      <object_component id="oc-a6">
         <name>DacbRegsFile</name>
         <uninitialized>true</uninitialized>
         <run_address>0x5c10</run_address>
         <size>0x8</size>
         <input_file_ref idref="fl-a"/>
      </object_component>
      <object_component id="oc-a1">
         <name>DaccRegsFile</name>
         <uninitialized>true</uninitialized>
         <run_address>0x5c20</run_address>
         <size>0x8</size>
         <input_file_ref idref="fl-a"/>
      </object_component>
      <object_component id="oc-d1">
         <name>DcsmZ1RegsFile</name>
         <uninitialized>true</uninitialized>
         <run_address>0x5f000</run_address>
         <size>0x24</size>
         <input_file_ref idref="fl-a"/>
      </object_component>
      <object_component id="oc-d0">
         <name>DcsmZ2RegsFile</name>
         <uninitialized>true</uninitialized>
         <run_address>0x5f040</run_address>
         <size>0x24</size>
         <input_file_ref idref="fl-a"/>
      </object_component>
      <object_component id="oc-a7">
         <name>DcsmCommonRegsFile</name>
         <uninitialized>true</uninitialized>
         <run_address>0x5f070</run_address>
         <size>0x8</size>
         <input_file_ref idref="fl-a"/>
      </object_component>
      <object_component id="oc-c9">
         <name>DcsmZ1OtpFile</name>
         <uninitialized>true</uninitialized>
         <run_address>0x78000</run_address>
         <size>0x20</size>
         <input_file_ref idref="fl-a"/>
      </object_component>
      <object_component id="oc-c7">
         <name>DcsmZ2OtpFile</name>
         <uninitialized>true</uninitialized>
         <run_address>0x78200</run_address>
         <size>0x20</size>
         <input_file_ref idref="fl-a"/>
      </object_component>
      <object_component id="oc-e9">
         <name>DmaRegsFile</name>
         <uninitialized>true</uninitialized>
         <run_address>0x1000</run_address>
         <size>0xe0</size>
         <input_file_ref idref="fl-a"/>
      </object_component>
      <object_component id="oc-b5">
         <name>DmaClaSrcSelRegsFile</name>
         <uninitialized>true</uninitialized>
         <run_address>0x7980</run_address>
         <size>0x1a</size>
         <input_file_ref idref="fl-a"/>
      </object_component>
      <object_component id="oc-c8">
         <name>ECap1RegsFile</name>
         <uninitialized>true</uninitialized>
         <run_address>0x5000</run_address>
         <size>0x20</size>
         <input_file_ref idref="fl-a"/>
      </object_component>
      <object_component id="oc-b8">
         <name>ECap2RegsFile</name>
         <uninitialized>true</uninitialized>
         <run_address>0x5020</run_address>
         <size>0x20</size>
         <input_file_ref idref="fl-a"/>
      </object_component>
      <object_component id="oc-be">
         <name>ECap3RegsFile</name>
         <uninitialized>true</uninitialized>
         <run_address>0x5040</run_address>
         <size>0x20</size>
         <input_file_ref idref="fl-a"/>
      </object_component>
      <object_component id="oc-b6">
         <name>ECap4RegsFile</name>
         <uninitialized>true</uninitialized>
         <run_address>0x5060</run_address>
         <size>0x20</size>
         <input_file_ref idref="fl-a"/>
      </object_component>
      <object_component id="oc-b7">
         <name>ECap5RegsFile</name>
         <uninitialized>true</uninitialized>
         <run_address>0x5080</run_address>
         <size>0x20</size>
         <input_file_ref idref="fl-a"/>
      </object_component>
      <object_component id="oc-bd">
         <name>ECap6RegsFile</name>
         <uninitialized>true</uninitialized>
         <run_address>0x50a0</run_address>
         <size>0x20</size>
         <input_file_ref idref="fl-a"/>
      </object_component>
      <object_component id="oc-df">
         <name>Emif1RegsFile</name>
         <uninitialized>true</uninitialized>
         <run_address>0x47000</run_address>
         <size>0x70</size>
         <input_file_ref idref="fl-a"/>
      </object_component>
      <object_component id="oc-e0">
         <name>Emif2RegsFile</name>
         <uninitialized>true</uninitialized>
         <run_address>0x47800</run_address>
         <size>0x70</size>
         <input_file_ref idref="fl-a"/>
      </object_component>
      <object_component id="oc-ee">
         <name>EPwm1RegsFile</name>
         <uninitialized>true</uninitialized>
         <run_address>0x4000</run_address>
         <size>0x100</size>
         <input_file_ref idref="fl-a"/>
      </object_component>
      <object_component id="oc-ed">
         <name>EPwm2RegsFile</name>
         <uninitialized>true</uninitialized>
         <run_address>0x4100</run_address>
         <size>0x100</size>
         <input_file_ref idref="fl-a"/>
      </object_component>
      <object_component id="oc-f0">
         <name>EPwm3RegsFile</name>
         <uninitialized>true</uninitialized>
         <run_address>0x4200</run_address>
         <size>0x100</size>
         <input_file_ref idref="fl-a"/>
      </object_component>
      <object_component id="oc-eb">
         <name>EPwm4RegsFile</name>
         <uninitialized>true</uninitialized>
         <run_address>0x4300</run_address>
         <size>0x100</size>
         <input_file_ref idref="fl-a"/>
      </object_component>
      <object_component id="oc-ea">
         <name>EPwm5RegsFile</name>
         <uninitialized>true</uninitialized>
         <run_address>0x4400</run_address>
         <size>0x100</size>
         <input_file_ref idref="fl-a"/>
      </object_component>
      <object_component id="oc-ef">
         <name>EPwm6RegsFile</name>
         <uninitialized>true</uninitialized>
         <run_address>0x4500</run_address>
         <size>0x100</size>
         <input_file_ref idref="fl-a"/>
      </object_component>
      <object_component id="oc-ec">
         <name>EPwm7RegsFile</name>
         <uninitialized>true</uninitialized>
         <run_address>0x4600</run_address>
         <size>0x100</size>
         <input_file_ref idref="fl-a"/>
      </object_component>
      <object_component id="oc-f5">
         <name>EPwm8RegsFile</name>
         <uninitialized>true</uninitialized>
         <run_address>0x4700</run_address>
         <size>0x100</size>
         <input_file_ref idref="fl-a"/>
      </object_component>
      <object_component id="oc-f3">
         <name>EPwm9RegsFile</name>
         <uninitialized>true</uninitialized>
         <run_address>0x4800</run_address>
         <size>0x100</size>
         <input_file_ref idref="fl-a"/>
      </object_component>
      <object_component id="oc-f4">
         <name>EPwm10RegsFile</name>
         <uninitialized>true</uninitialized>
         <run_address>0x4900</run_address>
         <size>0x100</size>
         <input_file_ref idref="fl-a"/>
      </object_component>
      <object_component id="oc-f1">
         <name>EPwm11RegsFile</name>
         <uninitialized>true</uninitialized>
         <run_address>0x4a00</run_address>
         <size>0x100</size>
         <input_file_ref idref="fl-a"/>
      </object_component>
      <object_component id="oc-f2">
         <name>EPwm12RegsFile</name>
         <uninitialized>true</uninitialized>
         <run_address>0x4b00</run_address>
         <size>0x100</size>
         <input_file_ref idref="fl-a"/>
      </object_component>
      <object_component id="oc-db">
         <name>EPwmXbarRegsFile</name>
         <uninitialized>true</uninitialized>
         <run_address>0x7a00</run_address>
         <size>0x40</size>
         <input_file_ref idref="fl-a"/>
      </object_component>
      <object_component id="oc-ca">
         <name>EQep1RegsFile</name>
         <uninitialized>true</uninitialized>
         <run_address>0x5100</run_address>
         <size>0x22</size>
         <input_file_ref idref="fl-a"/>
      </object_component>
      <object_component id="oc-cb">
         <name>EQep2RegsFile</name>
         <uninitialized>true</uninitialized>
         <run_address>0x5140</run_address>
         <size>0x22</size>
         <input_file_ref idref="fl-a"/>
      </object_component>
      <object_component id="oc-cd">
         <name>EQep3RegsFile</name>
         <uninitialized>true</uninitialized>
         <run_address>0x5180</run_address>
         <size>0x22</size>
         <input_file_ref idref="fl-a"/>
      </object_component>
      <object_component id="oc-fa">
         <name>Flash0CtrlRegsFile</name>
         <uninitialized>true</uninitialized>
         <run_address>0x5f800</run_address>
         <size>0x182</size>
         <input_file_ref idref="fl-a"/>
      </object_component>
      <object_component id="oc-d4">
         <name>Flash0EccRegsFile</name>
         <uninitialized>true</uninitialized>
         <run_address>0x5fb00</run_address>
         <size>0x28</size>
         <input_file_ref idref="fl-a"/>
      </object_component>
      <object_component id="oc-f9">
         <name>GpioCtrlRegsFile</name>
         <uninitialized>true</uninitialized>
         <run_address>0x7c00</run_address>
         <size>0x180</size>
         <input_file_ref idref="fl-a"/>
      </object_component>
      <object_component id="oc-d6">
         <name>GpioDataRegsFile</name>
         <uninitialized>true</uninitialized>
         <run_address>0x7f00</run_address>
         <size>0x30</size>
         <input_file_ref idref="fl-a"/>
      </object_component>
      <object_component id="oc-dc">
         <name>OutputXbarRegsFile</name>
         <uninitialized>true</uninitialized>
         <run_address>0x7a80</run_address>
         <size>0x40</size>
         <input_file_ref idref="fl-a"/>
      </object_component>
      <object_component id="oc-ce">
         <name>I2caRegsFile</name>
         <uninitialized>true</uninitialized>
         <run_address>0x7300</run_address>
         <size>0x22</size>
         <input_file_ref idref="fl-a"/>
      </object_component>
      <object_component id="oc-cc">
         <name>I2cbRegsFile</name>
         <uninitialized>true</uninitialized>
         <run_address>0x7340</run_address>
         <size>0x22</size>
         <input_file_ref idref="fl-a"/>
      </object_component>
      <object_component id="oc-bb">
         <name>InputXbarRegsFile</name>
         <uninitialized>true</uninitialized>
         <run_address>0x7900</run_address>
         <size>0x20</size>
         <input_file_ref idref="fl-a"/>
      </object_component>
      <object_component id="oc-b9">
         <name>XbarRegsFile</name>
         <uninitialized>true</uninitialized>
         <run_address>0x7920</run_address>
         <size>0x20</size>
         <input_file_ref idref="fl-a"/>
      </object_component>
      <object_component id="oc-cf">
         <name>IpcRegsFile</name>
         <uninitialized>true</uninitialized>
         <run_address>0x50000</run_address>
         <size>0x24</size>
         <input_file_ref idref="fl-a"/>
      </object_component>
      <object_component id="oc-9c">
         <name>FlashPumpSemaphoreRegsFile</name>
         <uninitialized>true</uninitialized>
         <run_address>0x50024</run_address>
         <size>0x2</size>
         <input_file_ref idref="fl-a"/>
      </object_component>
      <object_component id="oc-9b">
         <name>RomPrefetchRegsFile</name>
         <uninitialized>true</uninitialized>
         <run_address>0x5e608</run_address>
         <size>0x2</size>
         <input_file_ref idref="fl-a"/>
      </object_component>
      <object_component id="oc-e4">
         <name>MemCfgRegsFile</name>
         <uninitialized>true</uninitialized>
         <run_address>0x5f400</run_address>
         <size>0x80</size>
         <input_file_ref idref="fl-a"/>
      </object_component>
      <object_component id="oc-ba">
         <name>Emif1ConfigRegsFile</name>
         <uninitialized>true</uninitialized>
         <run_address>0x5f480</run_address>
         <size>0x20</size>
         <input_file_ref idref="fl-a"/>
      </object_component>
      <object_component id="oc-bc">
         <name>Emif2ConfigRegsFile</name>
         <uninitialized>true</uninitialized>
         <run_address>0x5f4a0</run_address>
         <size>0x20</size>
         <input_file_ref idref="fl-a"/>
      </object_component>
      <object_component id="oc-da">
         <name>AccessProtectionRegsFile</name>
         <uninitialized>true</uninitialized>
         <run_address>0x5f4c0</run_address>
         <size>0x40</size>
         <input_file_ref idref="fl-a"/>
      </object_component>
      <object_component id="oc-d9">
         <name>MemoryErrorRegsFile</name>
         <uninitialized>true</uninitialized>
         <run_address>0x5f500</run_address>
         <size>0x40</size>
         <input_file_ref idref="fl-a"/>
      </object_component>
      <object_component id="oc-9d">
         <name>RomWaitStateRegsFile</name>
         <uninitialized>true</uninitialized>
         <run_address>0x5f540</run_address>
         <size>0x2</size>
         <input_file_ref idref="fl-a"/>
      </object_component>
      <object_component id="oc-d2">
         <name>McbspaRegsFile</name>
         <uninitialized>true</uninitialized>
         <run_address>0x6000</run_address>
         <size>0x24</size>
         <input_file_ref idref="fl-a"/>
      </object_component>
      <object_component id="oc-d3">
         <name>McbspbRegsFile</name>
         <uninitialized>true</uninitialized>
         <run_address>0x6040</run_address>
         <size>0x24</size>
         <input_file_ref idref="fl-a"/>
      </object_component>
      <object_component id="oc-de">
         <name>UppRegsFile</name>
         <uninitialized>true</uninitialized>
         <run_address>0x6200</run_address>
         <size>0x48</size>
         <input_file_ref idref="fl-a"/>
      </object_component>
      <object_component id="oc-a0">
         <name>NmiIntruptRegsFile</name>
         <uninitialized>true</uninitialized>
         <run_address>0x7060</run_address>
         <size>0x7</size>
         <input_file_ref idref="fl-a"/>
      </object_component>
      <object_component id="oc-b4">
         <name>PieCtrlRegsFile</name>
         <uninitialized>true</uninitialized>
         <run_address>0xce0</run_address>
         <size>0x1a</size>
         <input_file_ref idref="fl-a"/>
      </object_component>
      <object_component id="oc-aa">
         <name>SciaRegsFile</name>
         <uninitialized>true</uninitialized>
         <run_address>0x7200</run_address>
         <size>0x10</size>
         <input_file_ref idref="fl-a"/>
      </object_component>
      <object_component id="oc-a9">
         <name>ScibRegsFile</name>
         <uninitialized>true</uninitialized>
         <run_address>0x7210</run_address>
         <size>0x10</size>
         <input_file_ref idref="fl-a"/>
      </object_component>
      <object_component id="oc-ac">
         <name>ScicRegsFile</name>
         <uninitialized>true</uninitialized>
         <run_address>0x7220</run_address>
         <size>0x10</size>
         <input_file_ref idref="fl-a"/>
      </object_component>
      <object_component id="oc-ad">
         <name>ScidRegsFile</name>
         <uninitialized>true</uninitialized>
         <run_address>0x7230</run_address>
         <size>0x10</size>
         <input_file_ref idref="fl-a"/>
      </object_component>
      <object_component id="oc-e5">
         <name>Sdfm1RegsFile</name>
         <uninitialized>true</uninitialized>
         <run_address>0x5e00</run_address>
         <size>0x80</size>
         <input_file_ref idref="fl-a"/>
      </object_component>
      <object_component id="oc-e1">
         <name>Sdfm2RegsFile</name>
         <uninitialized>true</uninitialized>
         <run_address>0x5e80</run_address>
         <size>0x80</size>
         <input_file_ref idref="fl-a"/>
      </object_component>
      <object_component id="oc-af">
         <name>SpiaRegsFile</name>
         <uninitialized>true</uninitialized>
         <run_address>0x6100</run_address>
         <size>0x10</size>
         <input_file_ref idref="fl-a"/>
      </object_component>
      <object_component id="oc-ae">
         <name>SpibRegsFile</name>
         <uninitialized>true</uninitialized>
         <run_address>0x6110</run_address>
         <size>0x10</size>
         <input_file_ref idref="fl-a"/>
      </object_component>
      <object_component id="oc-ab">
         <name>SpicRegsFile</name>
         <uninitialized>true</uninitialized>
         <run_address>0x6120</run_address>
         <size>0x10</size>
         <input_file_ref idref="fl-a"/>
      </object_component>
      <object_component id="oc-f6">
         <name>DevCfgRegsFile</name>
         <uninitialized>true</uninitialized>
         <run_address>0x5d000</run_address>
         <size>0x12e</size>
         <input_file_ref idref="fl-a"/>
      </object_component>
      <object_component id="oc-d7">
         <name>ClkCfgRegsFile</name>
         <uninitialized>true</uninitialized>
         <run_address>0x5d200</run_address>
         <size>0x32</size>
         <input_file_ref idref="fl-a"/>
      </object_component>
      <object_component id="oc-e8">
         <name>CpuSysRegsFile</name>
         <uninitialized>true</uninitialized>
         <run_address>0x5d300</run_address>
         <size>0x82</size>
         <input_file_ref idref="fl-a"/>
      </object_component>
      <object_component id="oc-9f">
         <name>SyncSocRegsFile</name>
         <uninitialized>true</uninitialized>
         <run_address>0x7940</run_address>
         <size>0x6</size>
         <input_file_ref idref="fl-a"/>
      </object_component>
      <object_component id="oc-d5">
         <name>WdRegsFile</name>
         <uninitialized>true</uninitialized>
         <run_address>0x7000</run_address>
         <size>0x2b</size>
         <input_file_ref idref="fl-a"/>
      </object_component>
      <object_component id="oc-a8">
         <name>XintRegsFile</name>
         <uninitialized>true</uninitialized>
         <run_address>0x7070</run_address>
         <size>0xb</size>
         <input_file_ref idref="fl-a"/>
      </object_component>
      <object_component id="oc-8f">
         <name>.debug_info</name>
         <load_address>0x0</load_address>
         <run_address>0x0</run_address>
         <size>0xaf71</size>
         <input_file_ref idref="fl-2"/>
      </object_component>
      <object_component id="oc-98">
         <name>.debug_info</name>
         <load_address>0xaf71</load_address>
         <run_address>0xaf71</run_address>
         <size>0x50335</size>
         <input_file_ref idref="fl-a"/>
      </object_component>
      <object_component id="oc-fd">
         <name>.debug_info</name>
         <load_address>0x5b2a6</load_address>
         <run_address>0x5b2a6</run_address>
         <size>0x1bd42</size>
         <input_file_ref idref="fl-b"/>
      </object_component>
      <object_component id="oc-102">
         <name>.debug_info</name>
         <load_address>0x76fe8</load_address>
         <run_address>0x76fe8</run_address>
         <size>0x1d206</size>
         <input_file_ref idref="fl-c"/>
      </object_component>
      <object_component id="oc-109">
         <name>.debug_info</name>
         <load_address>0x941ee</load_address>
         <run_address>0x941ee</run_address>
         <size>0x1b49c</size>
         <input_file_ref idref="fl-d"/>
      </object_component>
      <object_component id="oc-10f">
         <name>.debug_info</name>
         <load_address>0xaf68a</load_address>
         <run_address>0xaf68a</run_address>
         <size>0x102</size>
         <input_file_ref idref="fl-e"/>
      </object_component>
      <object_component id="oc-113">
         <name>.debug_info</name>
         <load_address>0xaf78c</load_address>
         <run_address>0xaf78c</run_address>
         <size>0x5dcf</size>
         <input_file_ref idref="fl-f"/>
      </object_component>
      <object_component id="oc-119">
         <name>.debug_info</name>
         <load_address>0xb555b</load_address>
         <run_address>0xb555b</run_address>
         <size>0x4d6</size>
         <input_file_ref idref="fl-1c"/>
      </object_component>
      <object_component id="oc-11e">
         <name>.debug_info</name>
         <load_address>0xb5a31</load_address>
         <run_address>0xb5a31</run_address>
         <size>0x408</size>
         <input_file_ref idref="fl-1d"/>
      </object_component>
      <object_component id="oc-123">
         <name>.debug_info</name>
         <load_address>0xb5e39</load_address>
         <run_address>0xb5e39</run_address>
         <size>0x1ee</size>
         <input_file_ref idref="fl-1e"/>
      </object_component>
      <object_component id="oc-127">
         <name>.debug_info</name>
         <load_address>0xb6027</load_address>
         <run_address>0xb6027</run_address>
         <size>0x5b2</size>
         <input_file_ref idref="fl-1f"/>
      </object_component>
      <object_component id="oc-12f">
         <name>.debug_info</name>
         <load_address>0xb65d9</load_address>
         <run_address>0xb65d9</run_address>
         <size>0x176</size>
         <input_file_ref idref="fl-20"/>
      </object_component>
      <object_component id="oc-134">
         <name>.debug_info</name>
         <load_address>0xb674f</load_address>
         <run_address>0xb674f</run_address>
         <size>0x117</size>
         <input_file_ref idref="fl-21"/>
      </object_component>
      <object_component id="oc-139">
         <name>.debug_info</name>
         <load_address>0xb6866</load_address>
         <run_address>0xb6866</run_address>
         <size>0x117</size>
         <input_file_ref idref="fl-22"/>
      </object_component>
      <object_component id="oc-13e">
         <name>.debug_info</name>
         <load_address>0xb697d</load_address>
         <run_address>0xb697d</run_address>
         <size>0x125</size>
         <input_file_ref idref="fl-23"/>
      </object_component>
      <object_component id="oc-143">
         <name>.debug_info</name>
         <load_address>0xb6aa2</load_address>
         <run_address>0xb6aa2</run_address>
         <size>0x117</size>
         <input_file_ref idref="fl-24"/>
      </object_component>
      <object_component id="oc-148">
         <name>.debug_info</name>
         <load_address>0xb6bb9</load_address>
         <run_address>0xb6bb9</run_address>
         <size>0x144</size>
         <input_file_ref idref="fl-25"/>
      </object_component>
      <object_component id="oc-14d">
         <name>.debug_info</name>
         <load_address>0xb6cfd</load_address>
         <run_address>0xb6cfd</run_address>
         <size>0x144</size>
         <input_file_ref idref="fl-26"/>
      </object_component>
      <object_component id="oc-152">
         <name>.debug_info</name>
         <load_address>0xb6e41</load_address>
         <run_address>0xb6e41</run_address>
         <size>0x11d</size>
         <input_file_ref idref="fl-27"/>
      </object_component>
      <object_component id="oc-157">
         <name>.debug_info</name>
         <load_address>0xb6f5e</load_address>
         <run_address>0xb6f5e</run_address>
         <size>0x11d</size>
         <input_file_ref idref="fl-28"/>
      </object_component>
      <object_component id="oc-15b">
         <name>.debug_info</name>
         <load_address>0xb707b</load_address>
         <run_address>0xb707b</run_address>
         <size>0x58a</size>
         <input_file_ref idref="fl-29"/>
      </object_component>
      <object_component id="oc-160">
         <name>.debug_info</name>
         <load_address>0xb7605</load_address>
         <run_address>0xb7605</run_address>
         <size>0x485</size>
         <input_file_ref idref="fl-2a"/>
      </object_component>
      <object_component id="oc-165">
         <name>.debug_info</name>
         <load_address>0xb7a8a</load_address>
         <run_address>0xb7a8a</run_address>
         <size>0x3f5</size>
         <input_file_ref idref="fl-2b"/>
      </object_component>
      <object_component id="oc-16a">
         <name>.debug_info</name>
         <load_address>0xb7e7f</load_address>
         <run_address>0xb7e7f</run_address>
         <size>0x1c6</size>
         <input_file_ref idref="fl-2c"/>
      </object_component>
      <object_component id="oc-16e">
         <name>.debug_info</name>
         <load_address>0xb8045</load_address>
         <run_address>0xb8045</run_address>
         <size>0x58f</size>
         <input_file_ref idref="fl-2d"/>
      </object_component>
      <object_component id="oc-175">
         <name>.debug_info</name>
         <load_address>0xb85d4</load_address>
         <run_address>0xb85d4</run_address>
         <size>0xb23</size>
         <input_file_ref idref="fl-2e"/>
      </object_component>
      <object_component id="oc-17d">
         <name>.debug_info</name>
         <load_address>0xb90f7</load_address>
         <run_address>0xb90f7</run_address>
         <size>0x517</size>
         <input_file_ref idref="fl-2f"/>
      </object_component>
      <object_component id="oc-182">
         <name>.debug_info</name>
         <load_address>0xb960e</load_address>
         <run_address>0xb960e</run_address>
         <size>0x4b2</size>
         <input_file_ref idref="fl-30"/>
      </object_component>
      <object_component id="oc-187">
         <name>.debug_info</name>
         <load_address>0xb9ac0</load_address>
         <run_address>0xb9ac0</run_address>
         <size>0x4d3</size>
         <input_file_ref idref="fl-31"/>
      </object_component>
      <object_component id="oc-18e">
         <name>.debug_info</name>
         <load_address>0xb9f93</load_address>
         <run_address>0xb9f93</run_address>
         <size>0x123</size>
         <input_file_ref idref="fl-32"/>
      </object_component>
      <object_component id="oc-247">
         <name>.debug_info</name>
         <load_address>0xba0b6</load_address>
         <run_address>0xba0b6</run_address>
         <size>0xb2</size>
      </object_component>
      <object_component id="oc-94">
         <name>.debug_frame</name>
         <load_address>0x0</load_address>
         <run_address>0x0</run_address>
         <size>0x3e0</size>
         <input_file_ref idref="fl-2"/>
      </object_component>
      <object_component id="oc-fe">
         <name>.debug_frame</name>
         <load_address>0x3e0</load_address>
         <run_address>0x3e0</run_address>
         <size>0x110</size>
         <input_file_ref idref="fl-b"/>
      </object_component>
      <object_component id="oc-105">
         <name>.debug_frame</name>
         <load_address>0x4f0</load_address>
         <run_address>0x4f0</run_address>
         <size>0x1f4</size>
         <input_file_ref idref="fl-c"/>
      </object_component>
      <object_component id="oc-10a">
         <name>.debug_frame</name>
         <load_address>0x6e4</load_address>
         <run_address>0x6e4</run_address>
         <size>0x68</size>
         <input_file_ref idref="fl-d"/>
      </object_component>
      <object_component id="oc-115">
         <name>.debug_frame</name>
         <load_address>0x74c</load_address>
         <run_address>0x74c</run_address>
         <size>0xc4</size>
         <input_file_ref idref="fl-f"/>
      </object_component>
      <object_component id="oc-11a">
         <name>.debug_frame</name>
         <load_address>0x810</load_address>
         <run_address>0x810</run_address>
         <size>0x60</size>
         <input_file_ref idref="fl-1c"/>
      </object_component>
      <object_component id="oc-11f">
         <name>.debug_frame</name>
         <load_address>0x870</load_address>
         <run_address>0x870</run_address>
         <size>0x48</size>
         <input_file_ref idref="fl-1d"/>
      </object_component>
      <object_component id="oc-129">
         <name>.debug_frame</name>
         <load_address>0x8b8</load_address>
         <run_address>0x8b8</run_address>
         <size>0x74</size>
         <input_file_ref idref="fl-1f"/>
      </object_component>
      <object_component id="oc-15c">
         <name>.debug_frame</name>
         <load_address>0x92c</load_address>
         <run_address>0x92c</run_address>
         <size>0x68</size>
         <input_file_ref idref="fl-29"/>
      </object_component>
      <object_component id="oc-161">
         <name>.debug_frame</name>
         <load_address>0x994</load_address>
         <run_address>0x994</run_address>
         <size>0x48</size>
         <input_file_ref idref="fl-2a"/>
      </object_component>
      <object_component id="oc-166">
         <name>.debug_frame</name>
         <load_address>0x9dc</load_address>
         <run_address>0x9dc</run_address>
         <size>0x48</size>
         <input_file_ref idref="fl-2b"/>
      </object_component>
      <object_component id="oc-171">
         <name>.debug_frame</name>
         <load_address>0xa24</load_address>
         <run_address>0xa24</run_address>
         <size>0x68</size>
         <input_file_ref idref="fl-2d"/>
      </object_component>
      <object_component id="oc-179">
         <name>.debug_frame</name>
         <load_address>0xa8c</load_address>
         <run_address>0xa8c</run_address>
         <size>0x140</size>
         <input_file_ref idref="fl-2e"/>
      </object_component>
      <object_component id="oc-17e">
         <name>.debug_frame</name>
         <load_address>0xbcc</load_address>
         <run_address>0xbcc</run_address>
         <size>0x78</size>
         <input_file_ref idref="fl-2f"/>
      </object_component>
      <object_component id="oc-183">
         <name>.debug_frame</name>
         <load_address>0xc44</load_address>
         <run_address>0xc44</run_address>
         <size>0x48</size>
         <input_file_ref idref="fl-30"/>
      </object_component>
      <object_component id="oc-189">
         <name>.debug_frame</name>
         <load_address>0xc8c</load_address>
         <run_address>0xc8c</run_address>
         <size>0x60</size>
         <input_file_ref idref="fl-31"/>
      </object_component>
      <object_component id="oc-95">
         <name>.debug_line</name>
         <load_address>0x0</load_address>
         <run_address>0x0</run_address>
         <size>0x66d</size>
         <input_file_ref idref="fl-2"/>
      </object_component>
      <object_component id="oc-ff">
         <name>.debug_line</name>
         <load_address>0x66d</load_address>
         <run_address>0x66d</run_address>
         <size>0x1b9</size>
         <input_file_ref idref="fl-b"/>
      </object_component>
      <object_component id="oc-106">
         <name>.debug_line</name>
         <load_address>0x826</load_address>
         <run_address>0x826</run_address>
         <size>0x542</size>
         <input_file_ref idref="fl-c"/>
      </object_component>
      <object_component id="oc-10b">
         <name>.debug_line</name>
         <load_address>0xd68</load_address>
         <run_address>0xd68</run_address>
         <size>0x89</size>
         <input_file_ref idref="fl-d"/>
      </object_component>
      <object_component id="oc-110">
         <name>.debug_line</name>
         <load_address>0xdf1</load_address>
         <run_address>0xdf1</run_address>
         <size>0x56</size>
         <input_file_ref idref="fl-e"/>
      </object_component>
      <object_component id="oc-116">
         <name>.debug_line</name>
         <load_address>0xe47</load_address>
         <run_address>0xe47</run_address>
         <size>0xf6</size>
         <input_file_ref idref="fl-f"/>
      </object_component>
      <object_component id="oc-11b">
         <name>.debug_line</name>
         <load_address>0xf3d</load_address>
         <run_address>0xf3d</run_address>
         <size>0x4f</size>
         <input_file_ref idref="fl-1c"/>
      </object_component>
      <object_component id="oc-120">
         <name>.debug_line</name>
         <load_address>0xf8c</load_address>
         <run_address>0xf8c</run_address>
         <size>0x3d</size>
         <input_file_ref idref="fl-1d"/>
      </object_component>
      <object_component id="oc-12a">
         <name>.debug_line</name>
         <load_address>0xfc9</load_address>
         <run_address>0xfc9</run_address>
         <size>0x63</size>
         <input_file_ref idref="fl-1f"/>
      </object_component>
      <object_component id="oc-130">
         <name>.debug_line</name>
         <load_address>0x102c</load_address>
         <run_address>0x102c</run_address>
         <size>0x7e</size>
         <input_file_ref idref="fl-20"/>
      </object_component>
      <object_component id="oc-135">
         <name>.debug_line</name>
         <load_address>0x10aa</load_address>
         <run_address>0x10aa</run_address>
         <size>0xc4</size>
         <input_file_ref idref="fl-21"/>
      </object_component>
      <object_component id="oc-13a">
         <name>.debug_line</name>
         <load_address>0x116e</load_address>
         <run_address>0x116e</run_address>
         <size>0xa2</size>
         <input_file_ref idref="fl-22"/>
      </object_component>
      <object_component id="oc-13f">
         <name>.debug_line</name>
         <load_address>0x1210</load_address>
         <run_address>0x1210</run_address>
         <size>0x49</size>
         <input_file_ref idref="fl-23"/>
      </object_component>
      <object_component id="oc-144">
         <name>.debug_line</name>
         <load_address>0x1259</load_address>
         <run_address>0x1259</run_address>
         <size>0xad</size>
         <input_file_ref idref="fl-24"/>
      </object_component>
      <object_component id="oc-149">
         <name>.debug_line</name>
         <load_address>0x1306</load_address>
         <run_address>0x1306</run_address>
         <size>0x69</size>
         <input_file_ref idref="fl-25"/>
      </object_component>
      <object_component id="oc-14e">
         <name>.debug_line</name>
         <load_address>0x136f</load_address>
         <run_address>0x136f</run_address>
         <size>0x52</size>
         <input_file_ref idref="fl-26"/>
      </object_component>
      <object_component id="oc-153">
         <name>.debug_line</name>
         <load_address>0x13c1</load_address>
         <run_address>0x13c1</run_address>
         <size>0x58</size>
         <input_file_ref idref="fl-27"/>
      </object_component>
      <object_component id="oc-158">
         <name>.debug_line</name>
         <load_address>0x1419</load_address>
         <run_address>0x1419</run_address>
         <size>0x5e</size>
         <input_file_ref idref="fl-28"/>
      </object_component>
      <object_component id="oc-15d">
         <name>.debug_line</name>
         <load_address>0x1477</load_address>
         <run_address>0x1477</run_address>
         <size>0x50</size>
         <input_file_ref idref="fl-29"/>
      </object_component>
      <object_component id="oc-162">
         <name>.debug_line</name>
         <load_address>0x14c7</load_address>
         <run_address>0x14c7</run_address>
         <size>0x62</size>
         <input_file_ref idref="fl-2a"/>
      </object_component>
      <object_component id="oc-167">
         <name>.debug_line</name>
         <load_address>0x1529</load_address>
         <run_address>0x1529</run_address>
         <size>0x3a</size>
         <input_file_ref idref="fl-2b"/>
      </object_component>
      <object_component id="oc-172">
         <name>.debug_line</name>
         <load_address>0x1563</load_address>
         <run_address>0x1563</run_address>
         <size>0x65</size>
         <input_file_ref idref="fl-2d"/>
      </object_component>
      <object_component id="oc-17a">
         <name>.debug_line</name>
         <load_address>0x15c8</load_address>
         <run_address>0x15c8</run_address>
         <size>0x2da</size>
         <input_file_ref idref="fl-2e"/>
      </object_component>
      <object_component id="oc-17f">
         <name>.debug_line</name>
         <load_address>0x18a2</load_address>
         <run_address>0x18a2</run_address>
         <size>0x5e</size>
         <input_file_ref idref="fl-2f"/>
      </object_component>
      <object_component id="oc-184">
         <name>.debug_line</name>
         <load_address>0x1900</load_address>
         <run_address>0x1900</run_address>
         <size>0x55</size>
         <input_file_ref idref="fl-30"/>
      </object_component>
      <object_component id="oc-18a">
         <name>.debug_line</name>
         <load_address>0x1955</load_address>
         <run_address>0x1955</run_address>
         <size>0x81</size>
         <input_file_ref idref="fl-31"/>
      </object_component>
      <object_component id="oc-18f">
         <name>.debug_line</name>
         <load_address>0x19d6</load_address>
         <run_address>0x19d6</run_address>
         <size>0x60</size>
         <input_file_ref idref="fl-32"/>
      </object_component>
      <object_component id="oc-96">
         <name>.debug_abbrev</name>
         <load_address>0x0</load_address>
         <run_address>0x0</run_address>
         <size>0x324</size>
         <input_file_ref idref="fl-2"/>
      </object_component>
      <object_component id="oc-fc">
         <name>.debug_abbrev</name>
         <load_address>0x324</load_address>
         <run_address>0x324</run_address>
         <size>0xcb</size>
         <input_file_ref idref="fl-a"/>
      </object_component>
      <object_component id="oc-100">
         <name>.debug_abbrev</name>
         <load_address>0x3ef</load_address>
         <run_address>0x3ef</run_address>
         <size>0x1ab</size>
         <input_file_ref idref="fl-b"/>
      </object_component>
      <object_component id="oc-107">
         <name>.debug_abbrev</name>
         <load_address>0x59a</load_address>
         <run_address>0x59a</run_address>
         <size>0x219</size>
         <input_file_ref idref="fl-c"/>
      </object_component>
      <object_component id="oc-10c">
         <name>.debug_abbrev</name>
         <load_address>0x7b3</load_address>
         <run_address>0x7b3</run_address>
         <size>0x187</size>
         <input_file_ref idref="fl-d"/>
      </object_component>
      <object_component id="oc-111">
         <name>.debug_abbrev</name>
         <load_address>0x93a</load_address>
         <run_address>0x93a</run_address>
         <size>0x2f</size>
         <input_file_ref idref="fl-e"/>
      </object_component>
      <object_component id="oc-117">
         <name>.debug_abbrev</name>
         <load_address>0x969</load_address>
         <run_address>0x969</run_address>
         <size>0x180</size>
         <input_file_ref idref="fl-f"/>
      </object_component>
      <object_component id="oc-11c">
         <name>.debug_abbrev</name>
         <load_address>0xae9</load_address>
         <run_address>0xae9</run_address>
         <size>0xf1</size>
         <input_file_ref idref="fl-1c"/>
      </object_component>
      <object_component id="oc-121">
         <name>.debug_abbrev</name>
         <load_address>0xbda</load_address>
         <run_address>0xbda</run_address>
         <size>0x66</size>
         <input_file_ref idref="fl-1d"/>
      </object_component>
      <object_component id="oc-126">
         <name>.debug_abbrev</name>
         <load_address>0xc40</load_address>
         <run_address>0xc40</run_address>
         <size>0x4e</size>
         <input_file_ref idref="fl-1e"/>
      </object_component>
      <object_component id="oc-12b">
         <name>.debug_abbrev</name>
         <load_address>0xc8e</load_address>
         <run_address>0xc8e</run_address>
         <size>0xd6</size>
         <input_file_ref idref="fl-1f"/>
      </object_component>
      <object_component id="oc-131">
         <name>.debug_abbrev</name>
         <load_address>0xd64</load_address>
         <run_address>0xd64</run_address>
         <size>0x46</size>
         <input_file_ref idref="fl-20"/>
      </object_component>
      <object_component id="oc-136">
         <name>.debug_abbrev</name>
         <load_address>0xdaa</load_address>
         <run_address>0xdaa</run_address>
         <size>0x38</size>
         <input_file_ref idref="fl-21"/>
      </object_component>
      <object_component id="oc-13b">
         <name>.debug_abbrev</name>
         <load_address>0xde2</load_address>
         <run_address>0xde2</run_address>
         <size>0x38</size>
         <input_file_ref idref="fl-22"/>
      </object_component>
      <object_component id="oc-140">
         <name>.debug_abbrev</name>
         <load_address>0xe1a</load_address>
         <run_address>0xe1a</run_address>
         <size>0x46</size>
         <input_file_ref idref="fl-23"/>
      </object_component>
      <object_component id="oc-145">
         <name>.debug_abbrev</name>
         <load_address>0xe60</load_address>
         <run_address>0xe60</run_address>
         <size>0x38</size>
         <input_file_ref idref="fl-24"/>
      </object_component>
      <object_component id="oc-14a">
         <name>.debug_abbrev</name>
         <load_address>0xe98</load_address>
         <run_address>0xe98</run_address>
         <size>0x38</size>
         <input_file_ref idref="fl-25"/>
      </object_component>
      <object_component id="oc-14f">
         <name>.debug_abbrev</name>
         <load_address>0xed0</load_address>
         <run_address>0xed0</run_address>
         <size>0x38</size>
         <input_file_ref idref="fl-26"/>
      </object_component>
      <object_component id="oc-154">
         <name>.debug_abbrev</name>
         <load_address>0xf08</load_address>
         <run_address>0xf08</run_address>
         <size>0x38</size>
         <input_file_ref idref="fl-27"/>
      </object_component>
      <object_component id="oc-159">
         <name>.debug_abbrev</name>
         <load_address>0xf40</load_address>
         <run_address>0xf40</run_address>
         <size>0x38</size>
         <input_file_ref idref="fl-28"/>
      </object_component>
      <object_component id="oc-15e">
         <name>.debug_abbrev</name>
         <load_address>0xf78</load_address>
         <run_address>0xf78</run_address>
         <size>0xe3</size>
         <input_file_ref idref="fl-29"/>
      </object_component>
      <object_component id="oc-163">
         <name>.debug_abbrev</name>
         <load_address>0x105b</load_address>
         <run_address>0x105b</run_address>
         <size>0xa8</size>
         <input_file_ref idref="fl-2a"/>
      </object_component>
      <object_component id="oc-168">
         <name>.debug_abbrev</name>
         <load_address>0x1103</load_address>
         <run_address>0x1103</run_address>
         <size>0x66</size>
         <input_file_ref idref="fl-2b"/>
      </object_component>
      <object_component id="oc-16d">
         <name>.debug_abbrev</name>
         <load_address>0x1169</load_address>
         <run_address>0x1169</run_address>
         <size>0x31</size>
         <input_file_ref idref="fl-2c"/>
      </object_component>
      <object_component id="oc-173">
         <name>.debug_abbrev</name>
         <load_address>0x119a</load_address>
         <run_address>0x119a</run_address>
         <size>0x130</size>
         <input_file_ref idref="fl-2d"/>
      </object_component>
      <object_component id="oc-17b">
         <name>.debug_abbrev</name>
         <load_address>0x12ca</load_address>
         <run_address>0x12ca</run_address>
         <size>0x1b4</size>
         <input_file_ref idref="fl-2e"/>
      </object_component>
      <object_component id="oc-180">
         <name>.debug_abbrev</name>
         <load_address>0x147e</load_address>
         <run_address>0x147e</run_address>
         <size>0xb2</size>
         <input_file_ref idref="fl-2f"/>
      </object_component>
      <object_component id="oc-185">
         <name>.debug_abbrev</name>
         <load_address>0x1530</load_address>
         <run_address>0x1530</run_address>
         <size>0xee</size>
         <input_file_ref idref="fl-30"/>
      </object_component>
      <object_component id="oc-18b">
         <name>.debug_abbrev</name>
         <load_address>0x161e</load_address>
         <run_address>0x161e</run_address>
         <size>0xbb</size>
         <input_file_ref idref="fl-31"/>
      </object_component>
      <object_component id="oc-190">
         <name>.debug_abbrev</name>
         <load_address>0x16d9</load_address>
         <run_address>0x16d9</run_address>
         <size>0x38</size>
         <input_file_ref idref="fl-32"/>
      </object_component>
      <object_component id="oc-248">
         <name>.debug_abbrev</name>
         <load_address>0x1711</load_address>
         <run_address>0x1711</run_address>
         <size>0xf</size>
      </object_component>
      <object_component id="oc-97">
         <name>.debug_aranges</name>
         <load_address>0x0</load_address>
         <run_address>0x0</run_address>
         <size>0xf0</size>
         <input_file_ref idref="fl-2"/>
      </object_component>
      <object_component id="oc-101">
         <name>.debug_aranges</name>
         <load_address>0xf0</load_address>
         <run_address>0xf0</run_address>
         <size>0x58</size>
         <input_file_ref idref="fl-b"/>
      </object_component>
      <object_component id="oc-108">
         <name>.debug_aranges</name>
         <load_address>0x148</load_address>
         <run_address>0x148</run_address>
         <size>0x98</size>
         <input_file_ref idref="fl-c"/>
      </object_component>
      <object_component id="oc-10d">
         <name>.debug_aranges</name>
         <load_address>0x1e0</load_address>
         <run_address>0x1e0</run_address>
         <size>0x28</size>
         <input_file_ref idref="fl-d"/>
      </object_component>
      <object_component id="oc-112">
         <name>.debug_aranges</name>
         <load_address>0x208</load_address>
         <run_address>0x208</run_address>
         <size>0x20</size>
         <input_file_ref idref="fl-e"/>
      </object_component>
      <object_component id="oc-118">
         <name>.debug_aranges</name>
         <load_address>0x228</load_address>
         <run_address>0x228</run_address>
         <size>0x40</size>
         <input_file_ref idref="fl-f"/>
      </object_component>
      <object_component id="oc-11d">
         <name>.debug_aranges</name>
         <load_address>0x268</load_address>
         <run_address>0x268</run_address>
         <size>0x20</size>
         <input_file_ref idref="fl-1c"/>
      </object_component>
      <object_component id="oc-122">
         <name>.debug_aranges</name>
         <load_address>0x288</load_address>
         <run_address>0x288</run_address>
         <size>0x20</size>
         <input_file_ref idref="fl-1d"/>
      </object_component>
      <object_component id="oc-12c">
         <name>.debug_aranges</name>
         <load_address>0x2a8</load_address>
         <run_address>0x2a8</run_address>
         <size>0x20</size>
         <input_file_ref idref="fl-1f"/>
      </object_component>
      <object_component id="oc-132">
         <name>.debug_aranges</name>
         <load_address>0x2c8</load_address>
         <run_address>0x2c8</run_address>
         <size>0x20</size>
         <input_file_ref idref="fl-20"/>
      </object_component>
      <object_component id="oc-137">
         <name>.debug_aranges</name>
         <load_address>0x2e8</load_address>
         <run_address>0x2e8</run_address>
         <size>0x20</size>
         <input_file_ref idref="fl-21"/>
      </object_component>
      <object_component id="oc-13c">
[...]
         <value>0x6120</value>
         <object_component_ref idref="oc-ab"/>
      </symbol>
      <symbol id="sm-2f7">
         <name>_EPwm10Regs</name>
         <value>0x4900</value>
         <object_component_ref idref="oc-f4"/>
      </symbol>
      <symbol id="sm-2f8">
         <name>_CpuTimer2Regs</name>
         <value>0xc10</value>
         <object_component_ref idref="oc-a4"/>
      </symbol>
      <symbol id="sm-2f9">
         <name>_DmaClaSrcSelRegs</name>
         <value>0x7980</value>
         <object_component_ref idref="oc-b5"/>
      </symbol>
      <symbol id="sm-2fa">
         <name>_AnalogSubsysRegs</name>
         <value>0x5d180</value>
         <object_component_ref idref="oc-dd"/>
      </symbol>
      <symbol id="sm-2fb">
         <name>_Cmpss3Regs</name>
         <value>0x5cc0</value>
         <object_component_ref idref="oc-c6"/>
      </symbol>
      <symbol id="sm-2fc">
         <name>_DaccRegs</name>
         <value>0x5c20</value>
         <object_component_ref idref="oc-a1"/>
      </symbol>
      <symbol id="sm-2fd">
         <name>_PieCtrlRegs</name>
         <value>0xce0</value>
         <object_component_ref idref="oc-b4"/>
      </symbol>
      <symbol id="sm-2fe">
         <name>_DevCfgRegs</name>
         <value>0x5d000</value>
         <object_component_ref idref="oc-f6"/>
      </symbol>
      <symbol id="sm-2ff">
         <name>_SpibRegs</name>
         <value>0x6110</value>
         <object_component_ref idref="oc-ae"/>
      </symbol>
      <symbol id="sm-300">
         <name>_AdccRegs</name>
         <value>0x7500</value>
         <object_component_ref idref="oc-e2"/>
      </symbol>
      <symbol id="sm-301">
         <name>_ScicRegs</name>
         <value>0x7220</value>
         <object_component_ref idref="oc-ac"/>
      </symbol>
      <symbol id="sm-302">
         <name>_ECap1Regs</name>
         <value>0x5000</value>
         <object_component_ref idref="oc-c8"/>
      </symbol>
      <symbol id="sm-303">
         <name>_EmuKey</name>
         <value>0xd00</value>
         <object_component_ref idref="oc-9a"/>
      </symbol>
      <symbol id="sm-304">
         <name>_OutputXbarRegs</name>
         <value>0x7a80</value>
         <object_component_ref idref="oc-dc"/>
      </symbol>
      <symbol id="sm-305">
         <name>_MemoryErrorRegs</name>
         <value>0x5f500</value>
         <object_component_ref idref="oc-d9"/>
      </symbol>
      <symbol id="sm-306">
         <name>_Cla1Regs</name>
         <value>0x1400</value>
         <object_component_ref idref="oc-d8"/>
      </symbol>
      <symbol id="sm-307">
         <name>_DcsmZ2Otp</name>
         <value>0x78200</value>
         <object_component_ref idref="oc-c7"/>
      </symbol>
      <symbol id="sm-308">
         <name>_EQep1Regs</name>
         <value>0x5100</value>
         <object_component_ref idref="oc-ca"/>
      </symbol>
      <symbol id="sm-309">
         <name>_DacbRegs</name>
         <value>0x5c10</value>
         <object_component_ref idref="oc-a6"/>
      </symbol>
      <symbol id="sm-30a">
         <name>_McbspaRegs</name>
         <value>0x6000</value>
         <object_component_ref idref="oc-d2"/>
      </symbol>
      <symbol id="sm-30b">
         <name>_EPwm1Regs</name>
         <value>0x4000</value>
         <object_component_ref idref="oc-ee"/>
      </symbol>
      <symbol id="sm-30c">
         <name>_AdcbRegs</name>
         <value>0x7480</value>
         <object_component_ref idref="oc-e3"/>
      </symbol>
      <symbol id="sm-30d">
         <name>_ScibRegs</name>
         <value>0x7210</value>
         <object_component_ref idref="oc-a9"/>
      </symbol>
      <symbol id="sm-30e">
         <name>_AdcaResultRegs</name>
         <value>0xb00</value>
         <object_component_ref idref="oc-b1"/>
      </symbol>
      <symbol id="sm-30f">
         <name>_ECap2Regs</name>
         <value>0x5020</value>
         <object_component_ref idref="oc-b8"/>
      </symbol>
      <symbol id="sm-310">
         <name>_EPwm12Regs</name>
         <value>0x4b00</value>
         <object_component_ref idref="oc-f2"/>
      </symbol>
      <symbol id="sm-311">
         <name>_AdcbResultRegs</name>
         <value>0xb20</value>
         <object_component_ref idref="oc-b2"/>
      </symbol>
      <symbol id="sm-312">
         <name>_AdccResultRegs</name>
         <value>0xb40</value>
         <object_component_ref idref="oc-b0"/>
      </symbol>
      <symbol id="sm-313">
         <name>_Emif1ConfigRegs</name>
         <value>0x5f480</value>
         <object_component_ref idref="oc-ba"/>
      </symbol>
      <symbol id="sm-314">
         <name>_Sdfm2Regs</name>
         <value>0x5e80</value>
         <object_component_ref idref="oc-e1"/>
      </symbol>
      <symbol id="sm-315">
         <name>_AdcdResultRegs</name>
         <value>0xb60</value>
         <object_component_ref idref="oc-b3"/>
      </symbol>
      <symbol id="sm-316">
         <name>_EQep2Regs</name>
         <value>0x5140</value>
         <object_component_ref idref="oc-cb"/>
      </symbol>
      <symbol id="sm-317">
         <name>_Cmpss1Regs</name>
         <value>0x5c80</value>
         <object_component_ref idref="oc-c4"/>
      </symbol>
      <symbol id="sm-318">
         <name>_EPwm8Regs</name>
         <value>0x4700</value>
         <object_component_ref idref="oc-f5"/>
      </symbol>
      <symbol id="sm-319">
         <name>_Emif2ConfigRegs</name>
         <value>0x5f4a0</value>
         <object_component_ref idref="oc-bc"/>
      </symbol>
      <symbol id="sm-31a">
         <name>_DcsmCommonRegs</name>
         <value>0x5f070</value>
         <object_component_ref idref="oc-a7"/>
      </symbol>
      <symbol id="sm-31b">
         <name>_EPwm2Regs</name>
         <value>0x4100</value>
         <object_component_ref idref="oc-ed"/>
      </symbol>
      <symbol id="sm-31c">
         <name>_ECap3Regs</name>
         <value>0x5040</value>
         <object_component_ref idref="oc-be"/>
      </symbol>
      <symbol id="sm-31d">
         <name>_Cmpss8Regs</name>
         <value>0x5d60</value>
         <object_component_ref idref="oc-c1"/>
      </symbol>
      <symbol id="sm-31e">
         <name>_EQep3Regs</name>
         <value>0x5180</value>
         <object_component_ref idref="oc-cd"/>
      </symbol>
      <symbol id="sm-31f">
         <name>_SyncSocRegs</name>
         <value>0x7940</value>
         <object_component_ref idref="oc-9f"/>
      </symbol>
      <symbol id="sm-320">
         <name>_EPwm9Regs</name>
         <value>0x4800</value>
         <object_component_ref idref="oc-f3"/>
      </symbol>
      <symbol id="sm-321">
         <name>_NmiIntruptRegs</name>
         <value>0x7060</value>
         <object_component_ref idref="oc-a0"/>
      </symbol>
      <symbol id="sm-322">
         <name>_EPwm3Regs</name>
         <value>0x4200</value>
         <object_component_ref idref="oc-f0"/>
      </symbol>
      <symbol id="sm-323">
         <name>_I2caRegs</name>
         <value>0x7300</value>
         <object_component_ref idref="oc-ce"/>
      </symbol>
      <symbol id="sm-346">
         <name>_CheckKey__19R_P_KEYBOARD_TMSLABFUc</name>
         <value>0xa233</value>
         <object_component_ref idref="oc-198"/>
      </symbol>
      <symbol id="sm-347">
         <name>_GetKey__19R_P_KEYBOARD_TMSLABFv</name>
         <value>0xa214</value>
         <object_component_ref idref="oc-198"/>
      </symbol>
      <symbol id="sm-348">
         <name>_SetColumn__19R_P_KEYBOARD_TMSLABFUc</name>
         <value>0xa24f</value>
         <object_component_ref idref="oc-198"/>
      </symbol>
      <symbol id="sm-349">
         <name>_ClearKB__19R_P_KEYBOARD_TMSLABFv</name>
         <value>0xa203</value>
         <object_component_ref idref="oc-198"/>
      </symbol>
      <symbol id="sm-34a">
         <name>_GetRows__19R_P_KEYBOARD_TMSLABFv</name>
         <value>0xa264</value>
         <object_component_ref idref="oc-198"/>
      </symbol>
      <symbol id="sm-34b">
         <name>_GetRow__19R_P_KEYBOARD_TMSLABFUc</name>
         <value>0xa28b</value>
         <object_component_ref idref="oc-198"/>
      </symbol>
      <symbol id="sm-34c">
         <name>_PartialRefresh__19R_P_KEYBOARD_TMSLABFv</name>
         <value>0xa174</value>
         <object_component_ref idref="oc-198"/>
      </symbol>
      <symbol id="sm-34d">
         <name>_InitKB__19R_P_KEYBOARD_TMSLABFi</name>
         <value>0xa1c4</value>
         <object_component_ref idref="oc-198"/>
      </symbol>
      <symbol id="sm-3a3">
         <name>_LCD_Init__14R_P_LCD_TMSLABFPUlPUc</name>
         <value>0x9c55</value>
         <object_component_ref idref="oc-197"/>
      </symbol>
      <symbol id="sm-3a4">
         <name>_LCD_Command__14R_P_LCD_TMSLABFUi</name>
         <value>0x9c0e</value>
         <object_component_ref idref="oc-197"/>
      </symbol>
      <symbol id="sm-3a5">
         <name>_expire</name>
         <value>0x101fa</value>
         <object_component_ref idref="oc-104"/>
      </symbol>
      <symbol id="sm-3a6">
         <name>_Read_Port__14R_P_LCD_TMSLABFv</name>
         <value>0x9ce3</value>
         <object_component_ref idref="oc-197"/>
      </symbol>
      <symbol id="sm-3a7">
         <name>_wi</name>
         <value>0x101f8</value>
         <object_component_ref idref="oc-104"/>
      </symbol>
      <symbol id="sm-3a8">
         <name>_LCD_Write_2Bytes__14R_P_LCD_TMSLABFUi</name>
         <value>0x9c2a</value>
         <object_component_ref idref="oc-197"/>
      </symbol>
      <symbol id="sm-3a9">
         <name>_LCD_Read_Status__14R_P_LCD_TMSLABFv</name>
         <value>0x9ddd</value>
         <object_component_ref idref="oc-197"/>
      </symbol>
      <symbol id="sm-3aa">
         <name>_LCD_Set_State__14R_P_LCD_TMSLABFUc</name>
         <value>0x9d84</value>
         <object_component_ref idref="oc-197"/>
      </symbol>
      <symbol id="sm-3ab">
         <name>_LCD_Write_Data__14R_P_LCD_TMSLABFUc</name>
         <value>0x9df6</value>
         <object_component_ref idref="oc-197"/>
      </symbol>
      <symbol id="sm-3ac">
         <name>_LCD_Write_1Bytes__14R_P_LCD_TMSLABFUi</name>
         <value>0x9c39</value>
         <object_component_ref idref="oc-197"/>
      </symbol>
      <symbol id="sm-3ad">
         <name>_LCD_Read_Data__14R_P_LCD_TMSLABFv</name>
         <value>0x9e0f</value>
         <object_component_ref idref="oc-197"/>
      </symbol>
      <symbol id="sm-3ae">
         <name>_Synchronize__14R_P_LCD_TMSLABFv</name>
         <value>0x9c03</value>
         <object_component_ref idref="oc-197"/>
      </symbol>
      <symbol id="sm-3af">
         <name>_Write_Port__14R_P_LCD_TMSLABFUl</name>
         <value>0x9d1f</value>
         <object_component_ref idref="oc-197"/>
      </symbol>
      <symbol id="sm-3b0">
         <name>_LCD_Write_Command__14R_P_LCD_TMSLABFUc</name>
         <value>0x9dc4</value>
         <object_component_ref idref="oc-197"/>
      </symbol>
      <symbol id="sm-3b1">
         <name>_PartialRefresh__14R_P_LCD_TMSLABFv</name>
         <value>0x990d</value>
         <object_component_ref idref="oc-197"/>
      </symbol>
      <symbol id="sm-3c1">
         <name>_InitLedBar__17R_P_LEDBAR_TMSLABFv</name>
         <value>0xa6c2</value>
         <object_component_ref idref="oc-19c"/>
      </symbol>
      <symbol id="sm-3c2">
         <name>_SetValue__17R_P_LEDBAR_TMSLABFi</name>
         <value>0xa6a9</value>
         <object_component_ref idref="oc-19c"/>
      </symbol>
      <symbol id="sm-3cf">
         <name>_Wait_NOPs__FUi</name>
         <value>0xa833</value>
         <object_component_ref idref="oc-10e"/>
      </symbol>
      <symbol id="sm-3e2">
         <name>_SetupPeripherials__Fv</name>
         <value>0xa5f6</value>
         <object_component_ref idref="oc-19d"/>
      </symbol>
      <symbol id="sm-3e3">
         <name>_TIMER2ISR__Fv</name>
         <value>0xa812</value>
         <object_component_ref idref="oc-114"/>
      </symbol>
      <symbol id="sm-3e4">
         <name>_SetMainClock__Fv</name>
         <value>0xa5ff</value>
         <object_component_ref idref="oc-19d"/>
      </symbol>
      <symbol id="sm-3e5">
         <name>_InitFlash__Fv</name>
         <value>0xa928</value>
         <object_component_ref idref="oc-1ac"/>
      </symbol>
      <symbol id="sm-3e6">
         <name>_SetupCoreSystem__Fv</name>
         <value>0xa5eb</value>
         <object_component_ref idref="oc-19d"/>
      </symbol>
      <symbol id="sm-3f6">
         <name>___nw__FUl</name>
         <value>0xa791</value>
         <object_component_ref idref="oc-19b"/>
      </symbol>
      <symbol id="sm-402">
         <name>___default_new_handler__Fv</name>
         <value>0xa44d</value>
         <object_component_ref idref="oc-1aa"/>
      </symbol>
      <symbol id="sm-40c">
         <name>__new_handler</name>
         <value>0x10200</value>
         <object_component_ref idref="oc-125"/>
      </symbol>
      <symbol id="sm-428">
         <name>_asin</name>
         <value>0xa2c0</value>
         <object_component_ref idref="oc-19e"/>
      </symbol>
      <symbol id="sm-429">
         <name>_asinf</name>
         <value>0xa2c0</value>
         <object_component_ref idref="oc-19e"/>
      </symbol>
      <symbol id="sm-444">
         <name>_c_int00</name>
         <value>0xa653</value>
         <object_component_ref idref="oc-8e"/>
      </symbol>
      <symbol id="sm-445">
         <name>__stack</name>
         <value>0x400</value>
         <object_component_ref idref="oc-12d"/>
      </symbol>
      <symbol id="sm-460">
         <name>FD$$ADD</name>
         <value>0xa3b1</value>
         <object_component_ref idref="oc-133"/>
      </symbol>
      <symbol id="sm-472">
         <name>FD$$MPY</name>
         <value>0xa568</value>
         <object_component_ref idref="oc-138"/>
      </symbol>
      <symbol id="sm-47e">
         <name>FD$$SUB</name>
         <value>0xa804</value>
         <object_component_ref idref="oc-13d"/>
      </symbol>
      <symbol id="sm-48f">
         <name>FS$$DIV</name>
         <value>0xa4e0</value>
         <object_component_ref idref="oc-142"/>
      </symbol>
      <symbol id="sm-49d">
         <name>I$$MOD</name>
         <value>0xa780</value>
         <object_component_ref idref="oc-147"/>
      </symbol>
      <symbol id="sm-49e">
         <name>I$$DIV</name>
         <value>0xa76f</value>
         <object_component_ref idref="oc-147"/>
      </symbol>
      <symbol id="sm-4aa">
         <name>U$$MOD</name>
         <value>0xa824</value>
         <object_component_ref idref="oc-14c"/>
      </symbol>
      <symbol id="sm-4ab">
         <name>U$$DIV</name>
         <value>0xa81f</value>
         <object_component_ref idref="oc-14c"/>
      </symbol>
      <symbol id="sm-4bb">
         <name>FS$$TOFD</name>
         <value>0xa7cf</value>
         <object_component_ref idref="oc-151"/>
      </symbol>
      <symbol id="sm-4cb">
         <name>FD$$TOFS</name>
         <value>0xa74c</value>
         <object_component_ref idref="oc-156"/>
      </symbol>
      <symbol id="sm-4da">
         <name>_copy_in</name>
         <value>0xa728</value>
         <object_component_ref idref="oc-193"/>
      </symbol>
      <symbol id="sm-4eb">
         <name>_memcpy</name>
         <value>0xa7b2</value>
         <object_component_ref idref="oc-1a6"/>
      </symbol>
      <symbol id="sm-4f8">
         <name>__system_post_cinit</name>
         <value>0xa838</value>
         <object_component_ref idref="oc-194"/>
      </symbol>
      <symbol id="sm-502">
         <name>_errno</name>
         <value>0x101e9</value>
         <object_component_ref idref="oc-16c"/>
      </symbol>
      <symbol id="sm-516">
         <name>C$$EXIT</name>
         <value>0xa6ff</value>
         <object_component_ref idref="oc-196"/>
      </symbol>
      <symbol id="sm-517">
         <name>_exit</name>
         <value>0xa701</value>
         <object_component_ref idref="oc-196"/>
      </symbol>
      <symbol id="sm-518">
         <name>___TI_cleanup_ptr</name>
         <value>0x101f4</value>
         <object_component_ref idref="oc-170"/>
      </symbol>
      <symbol id="sm-519">
         <name>___TI_enable_exit_profile_output</name>
         <value>0x101f2</value>
         <object_component_ref idref="oc-170"/>
      </symbol>
      <symbol id="sm-51a">
         <name>_abort</name>
         <value>0xa6ff</value>
         <object_component_ref idref="oc-196"/>
      </symbol>
      <symbol id="sm-51b">
         <name>___TI_dtors_ptr</name>
         <value>0x101f6</value>
         <object_component_ref idref="oc-170"/>
      </symbol>
      <symbol id="sm-562">
         <name>__sys_memory</name>
         <value>0x10202</value>
         <object_component_ref idref="oc-178"/>
      </symbol>
      <symbol id="sm-563">
         <name>_chkheap</name>
         <value>0x9fe3</value>
         <object_component_ref idref="oc-1ab"/>
      </symbol>
      <symbol id="sm-564">
         <name>_realloc</name>
         <value>0x9eef</value>
         <object_component_ref idref="oc-1ab"/>
      </symbol>
      <symbol id="sm-565">
         <name>_free_memory</name>
         <value>0x9fc5</value>
         <object_component_ref idref="oc-1ab"/>
      </symbol>
      <symbol id="sm-566">
         <name>_max_free</name>
         <value>0x9fa3</value>
         <object_component_ref idref="oc-1ab"/>
      </symbol>
      <symbol id="sm-567">
         <name>_free</name>
         <value>0x9e28</value>
         <object_component_ref idref="oc-1ab"/>
      </symbol>
      <symbol id="sm-568">
         <name>_calloc</name>
         <value>0x9fe5</value>
         <object_component_ref idref="oc-1ab"/>
      </symbol>
      <symbol id="sm-569">
         <name>_malloc</name>
         <value>0x9e91</value>
         <object_component_ref idref="oc-1ab"/>
      </symbol>
      <symbol id="sm-56a">
         <name>_minit</name>
         <value>0x9e6c</value>
         <object_component_ref idref="oc-1ab"/>
      </symbol>
      <symbol id="sm-57e">
         <name>__unlock</name>
         <value>0x101fe</value>
         <object_component_ref idref="oc-1b0"/>
      </symbol>
      <symbol id="sm-57f">
         <name>__lock</name>
         <value>0x101fc</value>
         <object_component_ref idref="oc-1a7"/>
      </symbol>
      <symbol id="sm-580">
         <name>__register_lock</name>
         <value>0xa82e</value>
         <object_component_ref idref="oc-1ae"/>
      </symbol>
      <symbol id="sm-581">
         <name>__nop</name>
         <value>0xa832</value>
         <object_component_ref idref="oc-1ae"/>
      </symbol>
      <symbol id="sm-582">
         <name>__register_unlock</name>
         <value>0xa82a</value>
         <object_component_ref idref="oc-1ae"/>
      </symbol>
      <symbol id="sm-591">
         <name>__args_main</name>
         <value>0xa7eb</value>
         <object_component_ref idref="oc-195"/>
      </symbol>
      <symbol id="sm-5a9">
         <name>_sqrtl</name>
         <value>0xa44e</value>
         <object_component_ref idref="oc-1ad"/>
      </symbol>
      <symbol id="sm-5b9">
         <name>FD$$CMP</name>
         <value>0xa6d5</value>
         <object_component_ref idref="oc-18d"/>
      </symbol>
   </symbol_table>
   <title>Link successful</title>
</link_info>
